// Jest Snapshot v1, https://goo.gl/fbAQLP

exports[`<Heading /> should render the heading default 1`] = `
.c0 {
  color: #fff;
  font-weight: 600;
  -webkit-letter-spacing: 4px;
  -moz-letter-spacing: 4px;
  -ms-letter-spacing: 4px;
  letter-spacing: 4px;
  font-size: 10.4rem;
}

<h1
  class="c0"
  color="white"
>
  test
</h1>
`;
